seed 1: A_binary_bank: five task heads + five candidates per attribute
seed 1: A_binary_bank_leace: five task heads + five candidates per attribute
seed 1: B_rich_bank: five task heads + five candidates per attribute
seed 1: B_rich_bank_leace: five task heads + five candidates per attribute
seed 1: C_tree_bank: five task heads + five candidates per attribute
seed 1: C_tree_bank_leace: five task heads + five candidates per attribute
seed 1: D_compressed: five task heads + five candidates per attribute
seed 1: D_compressed_leace: five task heads + five candidates per attribute
seed 1: E_pca: five task heads + five candidates per attribute
seed 1: E_pca_leace: five task heads + five candidates per attribute
seed 1: F_covariates: five task heads + five candidates per attribute
seed 1: 86 selections saved; opening DEVELOPMENT EVALUATION
{"seed": 1, "runtime": {"total_seconds": 55.922648040927015, "parent_loading_verification_seconds": 1.4885324579663575, "erasure_and_freeze_seconds": 0.15331158298067749, "utility_fitting_seconds": 5.464488998986781, "audit_fitting_seconds": 38.995809959829785, "controls_seconds": 2.188887625001371, "evaluation_serialization_integrity_seconds": 7.580828667036258}, "integrity": {"source_unchanged": true, "parent_files_unchanged": true, "erasers_unchanged": true, "development_releases_unchanged": true, "selection_unchanged": true, "selection_created_utc": "2026-09-08T05:15:04.713188+00:00", "evaluation_started_utc": "2026-09-08T05:15:04.731381+00:00", "evaluation_parent_outputs_match_historical": true, "selection_sha256": "7409eb29af34ff4f941834a952f4dab87444c0601d622a40bfb557b17c9d568a", "evaluation_output_hashes": {"A_binary_bank": "538e3fee002ead38ef864b4de270c4e50da0f23914b76829b49c78d6e1b7b5b6", "B_rich_bank": "ff8bcac356236dde35ebe30ca1d346940d76d4c7242bd49abafcd0ebe1e826a3", "C_tree_bank": "00376cec198852eaa610b82e0ed8eb2d95eb0e8a5806ab65642fecf43c4b556f", "D_compressed": "1cd9987514096447ca87f8273607b496967502eb8e81ca6d069815b690299645", "E_pca": "3c11139202e5c5399ccd61bf785ca6bfe3e79c9faa062dd66015e6af690c267c", "F_covariates": "e77df81c3ffe10c571297baf6ea0d471254ef1d5af8a51e1bf4b314b0eba9ca9", "A_binary_bank_leace": "f5bddaaaacdd1a90543751e89b455e4d210f5e799eadac8f3c5c0320465b5174", "B_rich_bank_leace": "3f7270b401e8a2e9b14ef86121d13ea42e63200c7c4804fc830a5cddb6c3aad1", "C_tree_bank_leace": "345dfbad2f00364139104dc180c9135334f3100cd0d683a00111e928eaad135f", "D_compressed_leace": "b22855820523595c70a3299117f715d52cd26d6b4a38061c67db4496e7f3955b", "E_pca_leace": "c19f7e97ae607bc7b1ab07607c5b482ecd2c3bbf8b6be9dde2f062c67d6e86bb"}}}
seed 2: A_binary_bank: five task heads + five candidates per attribute
seed 2: A_binary_bank_leace: five task heads + five candidates per attribute
seed 2: B_rich_bank: five task heads + five candidates per attribute
seed 2: B_rich_bank_leace: five task heads + five candidates per attribute
seed 2: C_tree_bank: five task heads + five candidates per attribute
seed 2: C_tree_bank_leace: five task heads + five candidates per attribute
seed 2: D_compressed: five task heads + five candidates per attribute
seed 2: D_compressed_leace: five task heads + five candidates per attribute
seed 2: E_pca: five task heads + five candidates per attribute
seed 2: E_pca_leace: five task heads + five candidates per attribute
seed 2: F_covariates: five task heads + five candidates per attribute
seed 2: 86 selections saved; opening DEVELOPMENT EVALUATION
{"seed": 2, "runtime": {"total_seconds": 57.19477208296303, "parent_loading_verification_seconds": 1.2957189170410857, "erasure_and_freeze_seconds": 0.11080933304037899, "utility_fitting_seconds": 5.119300457881764, "audit_fitting_seconds": 40.61037979309913, "controls_seconds": 2.0632894160225987, "evaluation_serialization_integrity_seconds": 7.956386624951847}, "integrity": {"source_unchanged": true, "parent_files_unchanged": true, "erasers_unchanged": true, "development_releases_unchanged": true, "selection_unchanged": true, "selection_created_utc": "2026-09-08T05:16:01.573500+00:00", "evaluation_started_utc": "2026-09-08T05:16:01.591988+00:00", "evaluation_parent_outputs_match_historical": true, "selection_sha256": "97eb3cea94b1c4526e536f01573aee389ac4f6892b47abaf770c966583a40945", "evaluation_output_hashes": {"A_binary_bank": "8d1d6ab080bcdd186ddb41c02041977c1dcff47d217b085be7761c6ce1acda68", "B_rich_bank": "d3be63c418fe1ace0b6fd1938c478cfd834b5d1dc7683d2b400f0a60c2945b83", "C_tree_bank": "b6ba661856723a7234aa619e1b6570cb3019a1d55888f1a607bb859cd49e2473", "D_compressed": "90aa405e2863e2394433706bf3fe8001401c1a35195672eb3aefcf2566108125", "E_pca": "3058c26fe76ccc9770eb7091676b4dcc7e41950b627e0c52558c2fefe8f1529d", "F_covariates": "d8c70ed9ff3b1ab84eaa7f01e5fd81c3838e97f932d88abd95bb52995b99ebec", "A_binary_bank_leace": "19939224ac8c30597b74302b1d825b67cb61b9ae4040926ea05494f8f68ce4c8", "B_rich_bank_leace": "15e40384aba28b08ba44190e261125d12c8b93e63cd2dc05d761df62b6f41f0c", "C_tree_bank_leace": "6ce9f099a6d836b8689eda7c92aade9a0e9b91fb2c5129f52de26cfd7554c3b7", "D_compressed_leace": "3c54773c047fd858e5c9234462146e19c7e15c0bc7f5719a0280bdf861d29c7b", "E_pca_leace": "6a5604f7b7e4b9820748ddeffe2329a695ed2f114e5fb0d3b96e5e0967e8356e"}}}
