seed 1: source encoder lr=0.001
seed 1: source encoder lr=0.003
seed 1: source tree leaves=15
seed 1: source tree leaves=31
seed 1: downstream + audit A_binary_bank
seed 1: downstream + audit B_rich_bank
seed 1: downstream + audit C_tree_bank
seed 1: downstream + audit D_features
seed 1: downstream + audit E_pca
seed 1: downstream + audit F_covariates
seed 1: downstream + audit D_compressed
seed 1: all 34 selections saved; opening final test
{"seed": 1, "runtime": {"total_seconds": 51.01186149998102, "source_encoder_search_seconds": 3.2714448330225423, "source_tree_search_seconds": 30.853018458932638, "pca_seconds": 0.01140925008803606, "feature_compression_seconds": 0.0039028750034049153, "downstream_and_audit_seconds": 10.906474917079322, "controls_seconds": 0.5748207910219207, "test_and_integrity_seconds": 1.9095235411077738}, "integrity": {"source_state_before": "2e3f376cf05fea6aab51a84640af1a2322accf8f17993d2c59ca48ff887d763c", "source_state_after": "2e3f376cf05fea6aab51a84640af1a2322accf8f17993d2c59ca48ff887d763c", "fitted_maps_before": "e5a3b4f3870b453cde6ab2b30b67b1f1", "fitted_maps_after": "e5a3b4f3870b453cde6ab2b30b67b1f1", "fitted_maps_unchanged": true, "source_unchanged": true, "development_releases_unchanged": true, "selection_sha256": "ab092034e215457547e8f3d4db16140fad76606a5e6aa9f0451e9a834c665366", "selection_still_unchanged": true, "test_evaluation_started_utc": "2026-09-08T01:30:56.881031+00:00", "selection_created_utc": "2026-09-08T01:30:56.873584+00:00"}}
seed 2: source encoder lr=0.001
seed 2: source encoder lr=0.003
seed 2: source tree leaves=15
seed 2: source tree leaves=31
seed 2: downstream + audit A_binary_bank
seed 2: downstream + audit B_rich_bank
seed 2: downstream + audit C_tree_bank
seed 2: downstream + audit D_features
seed 2: downstream + audit E_pca
seed 2: downstream + audit F_covariates
seed 2: downstream + audit D_compressed
seed 2: all 34 selections saved; opening final test
{"seed": 2, "runtime": {"total_seconds": 52.051698083058, "source_encoder_search_seconds": 2.9480063329683617, "source_tree_search_seconds": 31.9013652499998, "pca_seconds": 0.00852133403532207, "feature_compression_seconds": 0.004064291017130017, "downstream_and_audit_seconds": 11.063726374995895, "controls_seconds": 0.5830205410020426, "test_and_integrity_seconds": 1.9083861659746617}, "integrity": {"source_state_before": "74c63c6c161835c54ffd37b1d745b53b1592687bceaa9ab01f30300ddb954f82", "source_state_after": "74c63c6c161835c54ffd37b1d745b53b1592687bceaa9ab01f30300ddb954f82", "fitted_maps_before": "a0b7b5fb790d15ab6826956fd726096b", "fitted_maps_after": "a0b7b5fb790d15ab6826956fd726096b", "fitted_maps_unchanged": true, "source_unchanged": true, "development_releases_unchanged": true, "selection_sha256": "c41275bbea45bda54d7d2056a35e96c356d1adc3eb7f45a9ec73368ae0b6b1e1", "selection_still_unchanged": true, "test_evaluation_started_utc": "2026-09-08T01:31:49.064824+00:00", "selection_created_utc": "2026-09-08T01:31:48.998023+00:00"}}
