Warning: You are sending unauthenticated requests to the HF Hub. Please set a HF_TOKEN to enable higher rate limits and faster downloads.
==============================================================================
BIOS-medium PHASE 1 (single marginal gender constraint)
device=mps  seed=0  output_dir=/Users/nathansamson/PCRL/results/v2_bios_PREFLIGHT
==============================================================================
n_train=5000  n_dev=31764  batch_size=32
primal train n=3976  holdout n=1024  refresh_every=10  holdout_eval_bs=64
[invariant] LEACE-fit dataset size = 5000, primal-train size = 3976, holdout size = 1024
Loading weights:   0%|          | 0/199 [00:00<?, ?it/s]Loading weights: 100%|██████████| 199/199 [00:00<00:00, 8095.31it/s]
[transformers] [1mBertModel LOAD REPORT[0m from: bert-base-uncased
Key                                        | Status     |  | 
-------------------------------------------+------------+--+-
cls.predictions.transform.LayerNorm.bias   | UNEXPECTED |  | 
cls.seq_relationship.bias                  | UNEXPECTED |  | 
cls.predictions.bias                       | UNEXPECTED |  | 
cls.predictions.transform.dense.weight     | UNEXPECTED |  | 
cls.predictions.transform.LayerNorm.weight | UNEXPECTED |  | 
cls.predictions.transform.dense.bias       | UNEXPECTED |  | 
cls.seq_relationship.weight                | UNEXPECTED |  | 

Notes:
- UNEXPECTED:	can be ignored when loading from different task/architecture; not ok if you expect identical arch.
PEFT injection: 24 Q/V + 1 output.dense LoRAs; trainable=1,302,528  frozen=109,482,240  ratio=1.1757%
LEACE fitting on N=5000 samples
  LEACE: pre_r2=0.9606 → post_r2_eraser_only=0.0037
  LEACE post-R²(eraser only): 0.0037 (expected ≈ 0.008 at N=50000)
  WARNING --allow-warmstart-fail: Construction-time linear-R²([CLS], gender) = 0.1659 exceeds abort threshold 0.05 (n_held_out=31764, d=768, OLS noise bias ≈ d/N = 0.0242). The LEACE warm-start did not take effect — the wrapper has a bug. Aborting before Phase 1 launch.
  Construction-time R² (full dev, n=31764): 0.1659  passed=True
[round2] online LEACE refit ENABLED  (buffer=512, refit_every=10, shrinkage=True, constrain_cov_trace=True)
[round2] primal=nHSIC(linear, unbiased)  dual=Theil-adjusted holdout R²  τ=0.05
[monitor] FiveSignalMonitor active (flip_window=20, lambda_sat_trip=100, flip_rate_trip=0.4, mid_window_jump_trip=0.20)
[step     0] ep=0 mode=option_d  λ=5.018  |Δλ|_ema=0.0000  holdout_R²=0.9893  in-batch_R²_window_mean=0.0000  flip_rate_20=0.00  sat_streak=0
[step    50] ep=0 mode=option_d  λ=5.872  |Δλ|_ema=0.0386  holdout_R²=0.9650  in-batch_R²_window_mean=0.0297  flip_rate_20=0.00  sat_streak=0
[step   100] ep=0 mode=option_d  λ=6.646  |Δλ|_ema=0.0648  holdout_R²=0.9490  in-batch_R²_window_mean=0.0431  flip_rate_20=0.00  sat_streak=0
[ep  0] elapsed=4.9m  mode=option_d  task_loss=1.9155  train_nHSIC=0.0486  holdout_adj_R²=0.8469  dev_acc=0.5548  dev_R²=0.7144  dev_adj_R²=0.7073  TPR_rms=0.0494  TPR_max=0.1334  λ=6.992

==============================================================================
[CPU PRE-FLIGHT GATE]
  decision: FAIL
  dev_top10_acc: 0.5548104772698652
  dev_marginal_adj_r2: 0.7072830642871635
  dev_tpr_rms_gap: 0.049408285435684395
  dev_tpr_max_abs_gap: 0.13342967244701354
  adj_r2_threshold: 0.1
  tpr_rms_threshold: 0.15
  adj_r2_pass: False
  tpr_pass: True
  epochs_run: 1
==============================================================================

Wrote summary to /Users/nathansamson/PCRL/results/v2_bios_PREFLIGHT/summary.json
