seed=1: independent audit A_oracle
  fitting A_oracle/task_p1_linear
  fitting A_oracle/task_p1_mlp
  fitting A_oracle/task_p2_linear
  fitting A_oracle/task_p2_mlp
  fitting A_oracle/attack_p1_linear
  fitting A_oracle/attack_p1_mlp
  fitting A_oracle/attack_p2_linear
  fitting A_oracle/attack_p2_mlp
  fitting A_oracle/attack_combined_linear
  fitting A_oracle/attack_combined_mlp
  validation A_oracle: U=0.99999 V=0.99999 max leak/threshold=0.032
seed=1: independent audit B_prediction_only
  fitting B_prediction_only/task_p1_linear
  fitting B_prediction_only/task_p1_mlp
  fitting B_prediction_only/task_p2_linear
  fitting B_prediction_only/task_p2_mlp
  fitting B_prediction_only/attack_p1_linear
  fitting B_prediction_only/attack_p1_mlp
  fitting B_prediction_only/attack_p2_linear
  fitting B_prediction_only/attack_p2_mlp
  fitting B_prediction_only/attack_combined_linear
  fitting B_prediction_only/attack_combined_mlp
  validation B_prediction_only: U=0.99787 V=0.99767 max leak/threshold=0.025
seed=1: independent audit exposed_target
  fitting exposed_target/task_p1_linear
  fitting exposed_target/task_p1_mlp
  fitting exposed_target/task_p2_linear
  fitting exposed_target/task_p2_mlp
  fitting exposed_target/attack_p1_linear
  fitting exposed_target/attack_p1_mlp
  fitting exposed_target/attack_p2_linear
  fitting exposed_target/attack_p2_mlp
  fitting exposed_target/attack_combined_linear
  fitting exposed_target/attack_combined_mlp
  validation exposed_target: U=0.99985 V=0.99981 max leak/threshold=20.000
seed=1: independent audit C_saved_task_only
  fitting C_saved_task_only/task_p1_linear
  fitting C_saved_task_only/task_p1_mlp
  fitting C_saved_task_only/task_p2_linear
  fitting C_saved_task_only/task_p2_mlp
  fitting C_saved_task_only/attack_p1_linear
  fitting C_saved_task_only/attack_p1_mlp
  fitting C_saved_task_only/attack_p2_linear
  fitting C_saved_task_only/attack_p2_mlp
  fitting C_saved_task_only/attack_combined_linear
  fitting C_saved_task_only/attack_combined_mlp
  validation C_saved_task_only: U=0.99724 V=0.99702 max leak/threshold=7.954
seed=1: independent audit R_prior_0.1
  fitting R_prior_0.1/task_p1_linear
  fitting R_prior_0.1/task_p1_mlp
  fitting R_prior_0.1/task_p2_linear
  fitting R_prior_0.1/task_p2_mlp
  fitting R_prior_0.1/attack_p1_linear
  fitting R_prior_0.1/attack_p1_mlp
  fitting R_prior_0.1/attack_p2_linear
  fitting R_prior_0.1/attack_p2_mlp
  fitting R_prior_0.1/attack_combined_linear
  fitting R_prior_0.1/attack_combined_mlp
  validation R_prior_0.1: U=0.96085 V=0.98008 max leak/threshold=5.284
seed=1: independent audit R_prior_1
  fitting R_prior_1/task_p1_linear
  fitting R_prior_1/task_p1_mlp
  fitting R_prior_1/task_p2_linear
  fitting R_prior_1/task_p2_mlp
  fitting R_prior_1/attack_p1_linear
  fitting R_prior_1/attack_p1_mlp
  fitting R_prior_1/attack_p2_linear
  fitting R_prior_1/attack_p2_mlp
  fitting R_prior_1/attack_combined_linear
  fitting R_prior_1/attack_combined_mlp
  validation R_prior_1: U=0.95080 V=0.96209 max leak/threshold=4.145
seed=1: training C_matched_task_only
seed=1: independent audit C_matched_task_only
  fitting C_matched_task_only/task_p1_linear
  fitting C_matched_task_only/task_p1_mlp
  fitting C_matched_task_only/task_p2_linear
  fitting C_matched_task_only/task_p2_mlp
  fitting C_matched_task_only/attack_p1_linear
  fitting C_matched_task_only/attack_p1_mlp
  fitting C_matched_task_only/attack_p2_linear
  fitting C_matched_task_only/attack_p2_mlp
  fitting C_matched_task_only/attack_combined_linear
  fitting C_matched_task_only/attack_combined_mlp
  validation C_matched_task_only: U=0.99335 V=0.99336 max leak/threshold=6.651
seed=1: training D_fixed_0.01
seed=1: independent audit D_fixed_0.01
  fitting D_fixed_0.01/task_p1_linear
  fitting D_fixed_0.01/task_p1_mlp
  fitting D_fixed_0.01/task_p2_linear
  fitting D_fixed_0.01/task_p2_mlp
  fitting D_fixed_0.01/attack_p1_linear
  fitting D_fixed_0.01/attack_p1_mlp
  fitting D_fixed_0.01/attack_p2_linear
  fitting D_fixed_0.01/attack_p2_mlp
  fitting D_fixed_0.01/attack_combined_linear
  fitting D_fixed_0.01/attack_combined_mlp
  validation D_fixed_0.01: U=0.99278 V=0.98332 max leak/threshold=3.508
seed=1: training D_fixed_0.1
seed=1: independent audit D_fixed_0.1
  fitting D_fixed_0.1/task_p1_linear
  fitting D_fixed_0.1/task_p1_mlp
  fitting D_fixed_0.1/task_p2_linear
  fitting D_fixed_0.1/task_p2_mlp
  fitting D_fixed_0.1/attack_p1_linear
  fitting D_fixed_0.1/attack_p1_mlp
  fitting D_fixed_0.1/attack_p2_linear
  fitting D_fixed_0.1/attack_p2_mlp
  fitting D_fixed_0.1/attack_combined_linear
  fitting D_fixed_0.1/attack_combined_mlp
  validation D_fixed_0.1: U=0.98784 V=0.99171 max leak/threshold=2.983
seed=1: training E_dual_0.01
seed=1: independent audit E_dual_0.01
  fitting E_dual_0.01/task_p1_linear
  fitting E_dual_0.01/task_p1_mlp
  fitting E_dual_0.01/task_p2_linear
  fitting E_dual_0.01/task_p2_mlp
  fitting E_dual_0.01/attack_p1_linear
  fitting E_dual_0.01/attack_p1_mlp
  fitting E_dual_0.01/attack_p2_linear
  fitting E_dual_0.01/attack_p2_mlp
  fitting E_dual_0.01/attack_combined_linear
  fitting E_dual_0.01/attack_combined_mlp
  validation E_dual_0.01: U=0.99252 V=0.98531 max leak/threshold=3.458
seed=1: training E_dual_0.1
seed=1: independent audit E_dual_0.1
  fitting E_dual_0.1/task_p1_linear
  fitting E_dual_0.1/task_p1_mlp
  fitting E_dual_0.1/task_p2_linear
  fitting E_dual_0.1/task_p2_mlp
  fitting E_dual_0.1/attack_p1_linear
  fitting E_dual_0.1/attack_p1_mlp
  fitting E_dual_0.1/attack_p2_linear
  fitting E_dual_0.1/attack_p2_mlp
  fitting E_dual_0.1/attack_combined_linear
  fitting E_dual_0.1/attack_combined_mlp
  validation E_dual_0.1: U=0.98928 V=0.99161 max leak/threshold=3.171
seed=1: complete in 25.93s
seed=2: independent audit A_oracle
  fitting A_oracle/task_p1_linear
  fitting A_oracle/task_p1_mlp
  fitting A_oracle/task_p2_linear
  fitting A_oracle/task_p2_mlp
  fitting A_oracle/attack_p1_linear
  fitting A_oracle/attack_p1_mlp
  fitting A_oracle/attack_p2_linear
  fitting A_oracle/attack_p2_mlp
  fitting A_oracle/attack_combined_linear
  fitting A_oracle/attack_combined_mlp
  validation A_oracle: U=0.99999 V=0.99999 max leak/threshold=-0.003
seed=2: independent audit B_prediction_only
  fitting B_prediction_only/task_p1_linear
  fitting B_prediction_only/task_p1_mlp
  fitting B_prediction_only/task_p2_linear
  fitting B_prediction_only/task_p2_mlp
  fitting B_prediction_only/attack_p1_linear
  fitting B_prediction_only/attack_p1_mlp
  fitting B_prediction_only/attack_p2_linear
  fitting B_prediction_only/attack_p2_mlp
  fitting B_prediction_only/attack_combined_linear
  fitting B_prediction_only/attack_combined_mlp
  validation B_prediction_only: U=0.99813 V=0.99675 max leak/threshold=-0.001
seed=2: independent audit exposed_target
  fitting exposed_target/task_p1_linear
  fitting exposed_target/task_p1_mlp
  fitting exposed_target/task_p2_linear
  fitting exposed_target/task_p2_mlp
  fitting exposed_target/attack_p1_linear
  fitting exposed_target/attack_p1_mlp
  fitting exposed_target/attack_p2_linear
  fitting exposed_target/attack_p2_mlp
  fitting exposed_target/attack_combined_linear
  fitting exposed_target/attack_combined_mlp
  validation exposed_target: U=0.99984 V=0.99986 max leak/threshold=20.000
seed=2: independent audit C_saved_task_only
  fitting C_saved_task_only/task_p1_linear
  fitting C_saved_task_only/task_p1_mlp
  fitting C_saved_task_only/task_p2_linear
  fitting C_saved_task_only/task_p2_mlp
  fitting C_saved_task_only/attack_p1_linear
  fitting C_saved_task_only/attack_p1_mlp
  fitting C_saved_task_only/attack_p2_linear
  fitting C_saved_task_only/attack_p2_mlp
  fitting C_saved_task_only/attack_combined_linear
  fitting C_saved_task_only/attack_combined_mlp
  validation C_saved_task_only: U=0.99790 V=0.99656 max leak/threshold=4.752
seed=2: independent audit R_prior_0.1
  fitting R_prior_0.1/task_p1_linear
  fitting R_prior_0.1/task_p1_mlp
  fitting R_prior_0.1/task_p2_linear
  fitting R_prior_0.1/task_p2_mlp
  fitting R_prior_0.1/attack_p1_linear
  fitting R_prior_0.1/attack_p1_mlp
  fitting R_prior_0.1/attack_p2_linear
  fitting R_prior_0.1/attack_p2_mlp
  fitting R_prior_0.1/attack_combined_linear
  fitting R_prior_0.1/attack_combined_mlp
  validation R_prior_0.1: U=0.78415 V=0.98275 max leak/threshold=4.196
seed=2: independent audit R_prior_1
  fitting R_prior_1/task_p1_linear
  fitting R_prior_1/task_p1_mlp
  fitting R_prior_1/task_p2_linear
  fitting R_prior_1/task_p2_mlp
  fitting R_prior_1/attack_p1_linear
  fitting R_prior_1/attack_p1_mlp
  fitting R_prior_1/attack_p2_linear
  fitting R_prior_1/attack_p2_mlp
  fitting R_prior_1/attack_combined_linear
  fitting R_prior_1/attack_combined_mlp
  validation R_prior_1: U=0.80247 V=0.86782 max leak/threshold=1.940
seed=2: training C_matched_task_only
seed=2: independent audit C_matched_task_only
  fitting C_matched_task_only/task_p1_linear
  fitting C_matched_task_only/task_p1_mlp
  fitting C_matched_task_only/task_p2_linear
  fitting C_matched_task_only/task_p2_mlp
  fitting C_matched_task_only/attack_p1_linear
  fitting C_matched_task_only/attack_p1_mlp
  fitting C_matched_task_only/attack_p2_linear
  fitting C_matched_task_only/attack_p2_mlp
  fitting C_matched_task_only/attack_combined_linear
  fitting C_matched_task_only/attack_combined_mlp
  validation C_matched_task_only: U=0.98199 V=0.98686 max leak/threshold=6.497
seed=2: training D_fixed_0.01
seed=2: independent audit D_fixed_0.01
  fitting D_fixed_0.01/task_p1_linear
  fitting D_fixed_0.01/task_p1_mlp
  fitting D_fixed_0.01/task_p2_linear
  fitting D_fixed_0.01/task_p2_mlp
  fitting D_fixed_0.01/attack_p1_linear
  fitting D_fixed_0.01/attack_p1_mlp
  fitting D_fixed_0.01/attack_p2_linear
  fitting D_fixed_0.01/attack_p2_mlp
  fitting D_fixed_0.01/attack_combined_linear
  fitting D_fixed_0.01/attack_combined_mlp
  validation D_fixed_0.01: U=0.99181 V=0.99215 max leak/threshold=5.687
seed=2: training D_fixed_0.1
seed=2: independent audit D_fixed_0.1
  fitting D_fixed_0.1/task_p1_linear
  fitting D_fixed_0.1/task_p1_mlp
  fitting D_fixed_0.1/task_p2_linear
  fitting D_fixed_0.1/task_p2_mlp
  fitting D_fixed_0.1/attack_p1_linear
  fitting D_fixed_0.1/attack_p1_mlp
  fitting D_fixed_0.1/attack_p2_linear
  fitting D_fixed_0.1/attack_p2_mlp
  fitting D_fixed_0.1/attack_combined_linear
  fitting D_fixed_0.1/attack_combined_mlp
  validation D_fixed_0.1: U=0.99171 V=0.98715 max leak/threshold=4.945
seed=2: training E_dual_0.01
seed=2: independent audit E_dual_0.01
  fitting E_dual_0.01/task_p1_linear
  fitting E_dual_0.01/task_p1_mlp
  fitting E_dual_0.01/task_p2_linear
  fitting E_dual_0.01/task_p2_mlp
  fitting E_dual_0.01/attack_p1_linear
  fitting E_dual_0.01/attack_p1_mlp
  fitting E_dual_0.01/attack_p2_linear
  fitting E_dual_0.01/attack_p2_mlp
  fitting E_dual_0.01/attack_combined_linear
  fitting E_dual_0.01/attack_combined_mlp
  validation E_dual_0.01: U=0.99016 V=0.99208 max leak/threshold=5.050
seed=2: training E_dual_0.1
seed=2: independent audit E_dual_0.1
  fitting E_dual_0.1/task_p1_linear
  fitting E_dual_0.1/task_p1_mlp
  fitting E_dual_0.1/task_p2_linear
  fitting E_dual_0.1/task_p2_mlp
  fitting E_dual_0.1/attack_p1_linear
  fitting E_dual_0.1/attack_p1_mlp
  fitting E_dual_0.1/attack_p2_linear
  fitting E_dual_0.1/attack_p2_mlp
  fitting E_dual_0.1/attack_combined_linear
  fitting E_dual_0.1/attack_combined_mlp
  validation E_dual_0.1: U=0.99207 V=0.98724 max leak/threshold=4.374
seed=2: complete in 24.49s
real 51.53
user 49.97
sys 0.97
