seed=0: independent audit A_oracle
  fitting A_oracle/task_p1_linear
  fitting A_oracle/task_p1_mlp
  fitting A_oracle/task_p2_linear
  fitting A_oracle/task_p2_mlp
  fitting A_oracle/attack_p1_linear
  fitting A_oracle/attack_p1_mlp
  fitting A_oracle/attack_p2_linear
  fitting A_oracle/attack_p2_mlp
  fitting A_oracle/attack_combined_linear
  fitting A_oracle/attack_combined_mlp
  validation A_oracle: U=0.99999 V=1.00000 max leak/threshold=-0.010
seed=0: independent audit B_prediction_only
  fitting B_prediction_only/task_p1_linear
  fitting B_prediction_only/task_p1_mlp
  fitting B_prediction_only/task_p2_linear
  fitting B_prediction_only/task_p2_mlp
  fitting B_prediction_only/attack_p1_linear
  fitting B_prediction_only/attack_p1_mlp
  fitting B_prediction_only/attack_p2_linear
  fitting B_prediction_only/attack_p2_mlp
  fitting B_prediction_only/attack_combined_linear
  fitting B_prediction_only/attack_combined_mlp
  validation B_prediction_only: U=0.99781 V=0.99603 max leak/threshold=-0.006
seed=0: independent audit exposed_target
  fitting exposed_target/task_p1_linear
  fitting exposed_target/task_p1_mlp
  fitting exposed_target/task_p2_linear
  fitting exposed_target/task_p2_mlp
  fitting exposed_target/attack_p1_linear
  fitting exposed_target/attack_p1_mlp
  fitting exposed_target/attack_p2_linear
  fitting exposed_target/attack_p2_mlp
  fitting exposed_target/attack_combined_linear
  fitting exposed_target/attack_combined_mlp
  validation exposed_target: U=0.99984 V=0.99980 max leak/threshold=20.000
seed=0: independent audit C_saved_task_only
  fitting C_saved_task_only/task_p1_linear
  fitting C_saved_task_only/task_p1_mlp
  fitting C_saved_task_only/task_p2_linear
  fitting C_saved_task_only/task_p2_mlp
  fitting C_saved_task_only/attack_p1_linear
  fitting C_saved_task_only/attack_p1_mlp
  fitting C_saved_task_only/attack_p2_linear
  fitting C_saved_task_only/attack_p2_mlp
  fitting C_saved_task_only/attack_combined_linear
  fitting C_saved_task_only/attack_combined_mlp
  validation C_saved_task_only: U=0.99771 V=0.99475 max leak/threshold=7.472
seed=0: independent audit R_prior_0.1
  fitting R_prior_0.1/task_p1_linear
  fitting R_prior_0.1/task_p1_mlp
  fitting R_prior_0.1/task_p2_linear
  fitting R_prior_0.1/task_p2_mlp
  fitting R_prior_0.1/attack_p1_linear
  fitting R_prior_0.1/attack_p1_mlp
  fitting R_prior_0.1/attack_p2_linear
  fitting R_prior_0.1/attack_p2_mlp
  fitting R_prior_0.1/attack_combined_linear
  fitting R_prior_0.1/attack_combined_mlp
  validation R_prior_0.1: U=0.99254 V=0.95594 max leak/threshold=8.290
seed=0: independent audit R_prior_1
  fitting R_prior_1/task_p1_linear
  fitting R_prior_1/task_p1_mlp
  fitting R_prior_1/task_p2_linear
  fitting R_prior_1/task_p2_mlp
  fitting R_prior_1/attack_p1_linear
  fitting R_prior_1/attack_p1_mlp
  fitting R_prior_1/attack_p2_linear
  fitting R_prior_1/attack_p2_mlp
  fitting R_prior_1/attack_combined_linear
  fitting R_prior_1/attack_combined_mlp
  validation R_prior_1: U=0.99425 V=0.89436 max leak/threshold=9.504
seed=0: training C_matched_task_only
seed=0: independent audit C_matched_task_only
  fitting C_matched_task_only/task_p1_linear
  fitting C_matched_task_only/task_p1_mlp
  fitting C_matched_task_only/task_p2_linear
  fitting C_matched_task_only/task_p2_mlp
  fitting C_matched_task_only/attack_p1_linear
  fitting C_matched_task_only/attack_p1_mlp
  fitting C_matched_task_only/attack_p2_linear
  fitting C_matched_task_only/attack_p2_mlp
  fitting C_matched_task_only/attack_combined_linear
  fitting C_matched_task_only/attack_combined_mlp
  validation C_matched_task_only: U=0.99544 V=0.98887 max leak/threshold=6.673
seed=0: training D_fixed_0.01
seed=0: independent audit D_fixed_0.01
  fitting D_fixed_0.01/task_p1_linear
  fitting D_fixed_0.01/task_p1_mlp
  fitting D_fixed_0.01/task_p2_linear
  fitting D_fixed_0.01/task_p2_mlp
  fitting D_fixed_0.01/attack_p1_linear
  fitting D_fixed_0.01/attack_p1_mlp
  fitting D_fixed_0.01/attack_p2_linear
  fitting D_fixed_0.01/attack_p2_mlp
  fitting D_fixed_0.01/attack_combined_linear
  fitting D_fixed_0.01/attack_combined_mlp
  validation D_fixed_0.01: U=0.99534 V=0.99211 max leak/threshold=4.589
seed=0: training D_fixed_0.1
seed=0: independent audit D_fixed_0.1
  fitting D_fixed_0.1/task_p1_linear
  fitting D_fixed_0.1/task_p1_mlp
  fitting D_fixed_0.1/task_p2_linear
  fitting D_fixed_0.1/task_p2_mlp
  fitting D_fixed_0.1/attack_p1_linear
  fitting D_fixed_0.1/attack_p1_mlp
  fitting D_fixed_0.1/attack_p2_linear
  fitting D_fixed_0.1/attack_p2_mlp
  fitting D_fixed_0.1/attack_combined_linear
  fitting D_fixed_0.1/attack_combined_mlp
  validation D_fixed_0.1: U=0.99129 V=0.98815 max leak/threshold=3.578
seed=0: training E_dual_0.01
seed=0: independent audit E_dual_0.01
  fitting E_dual_0.01/task_p1_linear
  fitting E_dual_0.01/task_p1_mlp
  fitting E_dual_0.01/task_p2_linear
  fitting E_dual_0.01/task_p2_mlp
  fitting E_dual_0.01/attack_p1_linear
  fitting E_dual_0.01/attack_p1_mlp
  fitting E_dual_0.01/attack_p2_linear
  fitting E_dual_0.01/attack_p2_mlp
  fitting E_dual_0.01/attack_combined_linear
  fitting E_dual_0.01/attack_combined_mlp
  validation E_dual_0.01: U=0.99269 V=0.99191 max leak/threshold=4.798
seed=0: training E_dual_0.1
seed=0: independent audit E_dual_0.1
  fitting E_dual_0.1/task_p1_linear
  fitting E_dual_0.1/task_p1_mlp
  fitting E_dual_0.1/task_p2_linear
  fitting E_dual_0.1/task_p2_mlp
  fitting E_dual_0.1/attack_p1_linear
  fitting E_dual_0.1/attack_p1_mlp
  fitting E_dual_0.1/attack_p2_linear
  fitting E_dual_0.1/attack_p2_mlp
  fitting E_dual_0.1/attack_combined_linear
  fitting E_dual_0.1/attack_combined_mlp
  validation E_dual_0.1: U=0.99205 V=0.98700 max leak/threshold=3.373
seed=0: complete in 24.70s
real 25.45
user 24.84
sys 0.42
