==============================================================================
BIOS-medium pre-launch diagnostics
device=mps  seed=0  output_dir=/Users/nathansamson/PCRL/results/v2_bios_DIAGNOSTIC
==============================================================================

[1/5] Loading dataset, building DataLoaders...
Warning: You are sending unauthenticated requests to the HF Hub. Please set a HF_TOKEN to enable higher rate limits and faster downloads.
  n_train=50000  n_dev=31764
  occupations=['professor', 'physician', 'attorney', 'photographer', 'journalist', 'nurse', 'psychologist', 'teacher', 'dentist', 'surgeon']

[2/5] Building BertWithLoRA + PEFT injection...
Loading weights:   0%|          | 0/199 [00:00<?, ?it/s]Loading weights: 100%|██████████| 199/199 [00:00<00:00, 7902.77it/s]
[transformers] [1mBertModel LOAD REPORT[0m from: bert-base-uncased
Key                                        | Status     |  | 
-------------------------------------------+------------+--+-
cls.predictions.transform.dense.bias       | UNEXPECTED |  | 
cls.predictions.transform.LayerNorm.bias   | UNEXPECTED |  | 
cls.seq_relationship.weight                | UNEXPECTED |  | 
cls.predictions.bias                       | UNEXPECTED |  | 
cls.seq_relationship.bias                  | UNEXPECTED |  | 
cls.predictions.transform.dense.weight     | UNEXPECTED |  | 
cls.predictions.transform.LayerNorm.weight | UNEXPECTED |  | 

Notes:
- UNEXPECTED:	can be ignored when loading from different task/architecture; not ok if you expect identical arch.

--- Diagnostic #1: named modules + requires_grad after PEFT ---
  trainable: 1302528
  frozen: 109482240
  ratio_trainable: 0.011757284178272594
  lora_q_v_adapters: 24
  lora_output_dense_adapters: 1
  lora_module_names_sample: ['peft_model.base_model.model.encoder.layer.0.attention.self.query.lora_A.default.weight', 'peft_model.base_model.model.encoder.layer.0.attention.self.value.lora_A.default.weight', 'peft_model.base_model.model.encoder.layer.1.attention.self.query.lora_A.default.weight', 'peft_model.base_model.model.encoder.layer.1.attention.self.value.lora_A.default.weight', 'peft_model.base_model.model.encoder.layer.2.attention.self.query.lora_A.default.weight', 'peft_model.base_model.model.encoder.layer.2.attention.self.value.lora_A.default.weight', '... (19 more)']
  lora_module_names_total: 25

--- Diagnostic #2: [CLS] shape trace ---
  input_ids_shape: [4, 128]
  attention_mask_shape: [4, 128]
  last_hidden_state_shape: [4, 128, 768]
  cls_after_indexing_shape: [4, 768]
  model_forward_repr_shape: [4, 768]
  matches: True

--- Diagnostic #3: bio length distribution by gender ---
  max_length: 128
  n_total: 50000
  male: {'n': 26374, 'median': 75, 'p90': 137, 'p99': 179, 'truncation_rate': 0.13501933722605597}
  female: {'n': 23626, 'median': 75, 'p90': 135, 'p99': 174, 'truncation_rate': 0.12664014221620248}
  truncation_gap_pp_female_minus_male: -0.8379195009853485
  warning: None

[3/5] LEACE warm-start on layer-11 output.dense...
  pre_r2_train: 0.9499508713488594
  post_r2_train_eraser_only: 0.0056250198266697415
  Q_shape: [768, 768]
  mu_shape: [768]
  located_layer11_module: base_model.model.encoder.layer.11.output.dense
  layer11_lora_b_l2_norm: 0.0
  post_forward_projection_registered: True
  lora_side_warm_start_disabled: True

--- Diagnostic #4: construction-time linear-R²([CLS], gender) ---
  (full dev split, disjoint from LEACE-fit data; using full set keeps OLS overfit bias d/N << 0.05)
  r2: 0.04383117586212315
  r2_rounded: 0.0438
  n_held_out: 31764
  d: 768
  ols_overfit_bias_estimate: 0.024178315073668303
  abort_threshold: 0.05
  passed: True

  Construction R² (4 dp): 0.0438  abort_threshold=0.05  passed=True

Saved diagnostics to /Users/nathansamson/PCRL/results/v2_bios_DIAGNOSTIC/diagnostics.json
