seed=0: task pretraining
seed=0: A_frozen_no_erasure
  fitting A_frozen_no_erasure/task_p1_linear
  fitting A_frozen_no_erasure/task_p1_mlp
  fitting A_frozen_no_erasure/task_p2_linear
  fitting A_frozen_no_erasure/task_p2_mlp
  fitting A_frozen_no_erasure/attack_p1_linear
  fitting A_frozen_no_erasure/attack_p1_mlp
  fitting A_frozen_no_erasure/attack_p2_linear
  fitting A_frozen_no_erasure/attack_p2_mlp
  fitting A_frozen_no_erasure/attack_combined_linear
  fitting A_frozen_no_erasure/attack_combined_mlp
seed=0: B_frozen_leace
  fitting B_frozen_leace/task_p1_linear
  fitting B_frozen_leace/task_p1_mlp
  fitting B_frozen_leace/task_p2_linear
  fitting B_frozen_leace/task_p2_mlp
  fitting B_frozen_leace/attack_p1_linear
  fitting B_frozen_leace/attack_p1_mlp
  fitting B_frozen_leace/attack_p2_linear
  fitting B_frozen_leace/attack_p2_mlp
  fitting B_frozen_leace/attack_combined_linear
  fitting B_frozen_leace/attack_combined_mlp
seed=0: C_task_only
  fitting C_task_only/task_p1_linear
  fitting C_task_only/task_p1_mlp
  fitting C_task_only/task_p2_linear
  fitting C_task_only/task_p2_mlp
  fitting C_task_only/attack_p1_linear
  fitting C_task_only/attack_p1_mlp
  fitting C_task_only/attack_p2_linear
  fitting C_task_only/attack_p2_mlp
  fitting C_task_only/attack_combined_linear
  fitting C_task_only/attack_combined_mlp
seed=0: D_protection_0.1
  fitting D_protection_0.1/task_p1_linear
  fitting D_protection_0.1/task_p1_mlp
  fitting D_protection_0.1/task_p2_linear
  fitting D_protection_0.1/task_p2_mlp
  fitting D_protection_0.1/attack_p1_linear
  fitting D_protection_0.1/attack_p1_mlp
  fitting D_protection_0.1/attack_p2_linear
  fitting D_protection_0.1/attack_p2_mlp
  fitting D_protection_0.1/attack_combined_linear
  fitting D_protection_0.1/attack_combined_mlp
seed=0: D_protection_1
  fitting D_protection_1/task_p1_linear
  fitting D_protection_1/task_p1_mlp
  fitting D_protection_1/task_p2_linear
  fitting D_protection_1/task_p2_mlp
  fitting D_protection_1/attack_p1_linear
  fitting D_protection_1/attack_p1_mlp
  fitting D_protection_1/attack_p2_linear
  fitting D_protection_1/attack_p2_mlp
  fitting D_protection_1/attack_combined_linear
  fitting D_protection_1/attack_combined_mlp
seed=0 complete: 10.25s; validation-selected D_protection_0.1 feasible=False
real 10.87
user 10.59
sys 0.18
