[2026-04-25T00:42:18Z] chain starting (pid=4595, ppid=4594)
[2026-04-25T00:42:18Z] preprocessed data already present, skipping
[2026-04-25T00:42:18Z] launching run_diabetes_all.py (5 methods × 3 seeds)
/opt/pytorch/lib/python3.12/site-packages/torch/cuda/__init__.py:61: FutureWarning: The pynvml package is deprecated. Please install nvidia-ml-py instead. If you did not install pynvml directly, please report this to the maintainers of the package that installed pynvml for you.
  import pynvml  # type: ignore[import]
Device: cuda
Start: 2026-04-25 00:42:22
Diabetes: input_dim=170, purposes=['billing_audit', 'quality_research', 'clinical_decision_support']
  Wrote /home/ubuntu/PCRL/results/diabetes/purposes.md

============================================================
=== SEED 0
============================================================

[seed=0] Training Standard...
  Standard trained in 379s
  Standard: 3/6 pairs pass

[seed=0] Applying INLP...
  INLP: 5/6 pairs pass (1581s)

[seed=0] Applying LEACE...
  LEACE: 3/6 pairs pass (1177s)

[seed=0] Training LAFTR...
  LAFTR: 5/6 pairs pass (1741s)

[seed=0] Training PCRL...
  PCRL: 5/6 pairs pass (1746s)
  Saved /home/ubuntu/PCRL/results/diabetes/pcrl_seeds.csv
  Saved /home/ubuntu/PCRL/results/diabetes/baselines_seeds.csv

============================================================
=== SEED 1
============================================================

[seed=1] Training Standard...
  Standard trained in 421s
  Standard: 3/6 pairs pass

[seed=1] Applying INLP...
  INLP: 5/6 pairs pass (1650s)

[seed=1] Applying LEACE...
  LEACE: 3/6 pairs pass (1145s)

[seed=1] Training LAFTR...
  LAFTR: 5/6 pairs pass (2333s)

[seed=1] Training PCRL...
  PCRL: 5/6 pairs pass (2676s)
  Saved /home/ubuntu/PCRL/results/diabetes/pcrl_seeds.csv
  Saved /home/ubuntu/PCRL/results/diabetes/baselines_seeds.csv

============================================================
=== SEED 2
============================================================

[seed=2] Training Standard...
  Standard trained in 491s
  Standard: 3/6 pairs pass

[seed=2] Applying INLP...
  INLP: 5/6 pairs pass (1617s)

[seed=2] Applying LEACE...
  LEACE: 3/6 pairs pass (1186s)

[seed=2] Training LAFTR...
  LAFTR: 5/6 pairs pass (1522s)

[seed=2] Training PCRL...
  PCRL: 5/6 pairs pass (1926s)
  Saved /home/ubuntu/PCRL/results/diabetes/pcrl_seeds.csv
  Saved /home/ubuntu/PCRL/results/diabetes/baselines_seeds.csv

============================================================
=== SUMMARY
============================================================
  Standard   pass=3.00±0.00  per-seed=[3, 3, 3]  avg_train_s=431
  LAFTR      pass=5.00±0.00  per-seed=[5, 5, 5]  avg_train_s=1865
  INLP       pass=5.00±0.00  per-seed=[5, 5, 5]  avg_train_s=1616
  LEACE      pass=3.00±0.00  per-seed=[3, 3, 3]  avg_train_s=1170
  PCRL       pass=5.00±0.00  per-seed=[5, 5, 5]  avg_train_s=2116
  Saved /home/ubuntu/PCRL/results/diabetes/summary.csv

Total: 508.2 min (8.47 h)
End: 2026-04-25 09:10:37
[2026-04-25T09:10:38Z] run_diabetes_all.py exit=0
[2026-04-25T09:10:38Z] CSVs:
total 28
drwxrwxr-x 2 ubuntu ubuntu 4096 Apr 25 09:10 .
drwxrwxr-x 3 ubuntu ubuntu 4096 Apr 25 00:42 ..
-rw-rw-r-- 1 ubuntu ubuntu 6303 Apr 25 09:10 baselines_seeds.csv
-rw-rw-r-- 1 ubuntu ubuntu 1615 Apr 25 09:10 pcrl_seeds.csv
-rw-rw-r-- 1 ubuntu ubuntu 2610 Apr 25 00:42 purposes.md
-rw-rw-r-- 1 ubuntu ubuntu  295 Apr 25 09:10 summary.csv
[2026-04-25T09:10:38Z] chain done; calling sudo shutdown -h now
