Warning: You are sending unauthenticated requests to the HF Hub. Please set a HF_TOKEN to enable higher rate limits and faster downloads.
==============================================================================
BIOS-medium DRIFT diagnostic
device=mps  seed=0  output_dir=/Users/nathansamson/PCRL/results/v2_bios_DRIFT
LEACE fit on n=50000  task-loss train on n=5000  epochs=1  batch=32  lr=5e-05
==============================================================================

[1/5] Loading dataset, building DataLoaders...
  n_train=50000  n_dev=31764  (20.5s)

[2/5] Building BertWithLoRA + PEFT injection...
Loading weights:   0%|          | 0/199 [00:00<?, ?it/s]Loading weights: 100%|██████████| 199/199 [00:00<00:00, 8549.90it/s]
[transformers] [1mBertModel LOAD REPORT[0m from: bert-base-uncased
Key                                        | Status     |  | 
-------------------------------------------+------------+--+-
cls.predictions.transform.dense.weight     | UNEXPECTED |  | 
cls.seq_relationship.bias                  | UNEXPECTED |  | 
cls.predictions.transform.LayerNorm.weight | UNEXPECTED |  | 
cls.predictions.transform.LayerNorm.bias   | UNEXPECTED |  | 
cls.predictions.bias                       | UNEXPECTED |  | 
cls.seq_relationship.weight                | UNEXPECTED |  | 
cls.predictions.transform.dense.bias       | UNEXPECTED |  | 

Notes:
- UNEXPECTED:	can be ignored when loading from different task/architecture; not ok if you expect identical arch.
  (1.0s)

[3/5] LEACE warm-start (post-projection registered)...
  pre_r2_train=0.9500  post_r2_train_eraser_only=0.0056  (245.2s)

[4/5] Pre-training dev eval (full dev, no task head)...
  pre_dev_r2=0.0438  n_dev=31764  d/N=0.0242  (156.2s)

[5/5] 1-epoch task-loss training on 5000-sample subset...
  ep 0 step    0/157  loss=2.6098  train_acc=0.0938  (2.1s)
  ep 0 step   25/157  loss=2.3028  train_acc=0.1575  (11.6s)
  ep 0 step   50/157  loss=2.1478  train_acc=0.2659  (21.0s)
  ep 0 step   75/157  loss=2.0203  train_acc=0.3195  (30.5s)
  ep 0 step  100/157  loss=1.9125  train_acc=0.3654  (40.1s)
  ep 0 step  125/157  loss=1.7996  train_acc=0.4097  (49.5s)
  ep 0 step  150/157  loss=1.6833  train_acc=0.4565  (58.8s)
  ep 0 step  156/157  loss=1.6578  train_acc=0.4648  (61.4s)
  training complete: 61.4s  final_train_loss=1.6578  final_train_acc=0.4648

[6/6] Post-training dev eval (full dev, with trained task head)...
  post_dev_r2=0.8906  post_top10_acc=0.7095  n_dev=31764  (154.6s)

==============================================================================
DRIFT VERDICT
  pre_dev_r2  = 0.0438
  post_dev_r2 = 0.8906  (Δ=+0.8467)
  post_top10_acc = 0.7095
  decision: OPTION_D
  → post-projection drifts. Phase 1 needs proxy-Lagrangian on a
    held-out 4096-sample R² eval, refreshed every K=10 mini-batches.
==============================================================================

Saved drift verdict to /Users/nathansamson/PCRL/results/v2_bios_DRIFT/drift.json
